../Keypad_Lib/Keypad.c:26:13:KeypadPressingCallback	16	static
../Keypad_Lib/Keypad.c:31:13:KeypadRealeaseCallback	16	static
../Keypad_Lib/Keypad.c:36:13:KeypadPressingTimeoutCallback	16	static
../Keypad_Lib/Keypad.c:41:13:KeypadPressingShortCallback	16	static
../Keypad_Lib/Keypad.c:46:6:KeyPad_Select_Row	16	static
../Keypad_Lib/Keypad.c:51:6:KeyPad_UnSelect_Row	16	static
../Keypad_Lib/Keypad.c:59:16:KeyPad_GetKey	16	static
../Keypad_Lib/Keypad.c:76:13:Keypad_Filter	16	static
../Keypad_Lib/Keypad.c:96:6:Keypad_Handle	8	static
../Keypad_Lib/Keypad.c:132:6:Keypad_Init	8	static
