../Core/Src/main.c:101:6:map	24	static
../Core/Src/main.c:106:6:servo_pwm	40	static
../Core/Src/main.c:114:6:delay_us	16	static
../Core/Src/main.c:127:6:setup_arm	8	static
../Core/Src/main.c:136:6:HAL_UART_RxCpltCallback	16	static
../Core/Src/main.c:150:5:main	8	static
../Core/Src/main.c:350:6:SystemClock_Config	72	static
../Core/Src/main.c:389:13:MX_TIM1_Init	96	static
../Core/Src/main.c:476:13:MX_TIM2_Init	64	static
../Core/Src/main.c:539:13:MX_USART3_UART_Init	8	static
../Core/Src/main.c:572:13:MX_GPIO_Init	32	static
../Core/Src/main.c:620:6:Error_Handler	4	static,ignoring_inline_asm
